// Jest Snapshot v1, https://goo.gl/fbAQLP

exports[`renders correctly 1`] = `
<div
  className="App-description"
>
  <h2>
    Title: 
  </h2>
  <h2>
    Synopsis: 
  </h2>
</div>
`;
